Gs, Gs, Gg, Gs, Gs, Rb^Gvs, Rb^Gvs, Gg, Gg, Gs, Gs, Gs, Gs, Gs, Gs, Gd, Gs, Gs, Gd, Gs, Rb, Gs, Gs, Gs, Gs^Fms, Gs^Fmw, Gs^Fmw, Gg, Gg^Fms, Gg^Fms, Hh^Fms, Hh^Fms, Hh^Fms, Hh, Hh, Hh, Gs, Gg
Gg, Gg, Gg, Gs, Gs, Gs, Gg, Gg, Gs^Fms, Gs^Fmw, Gs^Fms, Gg, Gs, Gs, Gs, Gs, Gs^Fms, Gg, Gs^Fms, Gs, Gs, Gs, Gs, Gs^Em, Gs^Fms, Gs^Fms, Gll^Fmw, Gg^Fms, Hh^Fms, Hh^Fms, Hh^Fmw, Hh^Fms, Hh^Fms, Hh^Fmw, Hh, Gs, Gs, Gg
Ww, Ww, Ds, Re^Vct, Ket, Gs, Gg, Gs^Fms, Gs^Fms, Gll^Fmw, Gs^Fms, Gg, Gs, Gs, Gg^Es, Gs, Gs^Fms, Gll^Fmw, Gs^Fms, Gs, Rb, Gs, Gg^Es, Gg, Gg, Gs^Fms, Gs^Fms, Gg^Fms, Hh^Fms, Hh^Fms, Hh, Hh, Hh, Hh, Hh, Gs, Gs, Gs^Fms
Ww, Ww, Ww, Ds, Cer, Cer, Gg^Em, Gs^Fms, Gs^Fms, Gs^Fmw, Gs^Fms, Gg^Em, Gs, Gg, Gg^Efm, Gs, Gs, Gs^Fms, Gs^Em, Gs^Fms, Rb, Gs, Gg^Efm, Gs, Gs, Gs, Gs, Gg, Hh, Hh, Hh^Qhh, Hh^Qov, Hh, Hh, Gg^Efm, Gs^Efm, Gs^Fms, Gs^Fms
Ww, Ww, Ww, Ww, Re^Vct, Cer, Gs^Fms, Gs, Gs^Fp, Gs, Gs^Fp, Gs, Gs^Fms, Gg^Efm, Gg^Efm, Gg^Efm, Gs, Gs, Gs, Re, Gs, Rb, Gs, Gs, Ss, Ss, Ss, Gg, Gg, Hh, Hh, Hh^Qov, Hh^Fmw, Hh, Gg^Efm, Gs^Efm, Gs^Fms, Gs^Fms
Ww, Ww, Ww, Ww, Ww, Gg, Gs^Fms, Gs^Fms, Gs^Fms, Gs^Fp, Ss, Ss, Gs^Fms, Gg, Gs, Gg^Es, Gs, Re, Gs, Gs, Ss, Gs, Re, Gs, Ss^Vhs, Ss, Ss, Ss, Ss, Gg, Gg, Hh, Hh^Fms, Gg^Fms, Gs^Fms, Gs, Gs^Fms, Gs^Fms
Ww, Ww, Ww, Ww, Ds, Ds, Gg, Gll^Fmw, Gs^Fms, Ss, Ss, Gs^Fms, Rb^Gvs, Rb^Gvs, Gs, Gs, Re, Re, Ss, Ss, Ss, Gs, Gs, Gs, Gs, Ss, Ss, Ss, Ss, Ss, Gg, Gg^Es, Gs^Fms, Gs^Fms, Gs^Fms, Gll^Fmw, Gs^Fms, Gs^Fms
Wo, Wo, Ww, Ww, Ds, Ds, Gg, Gg, Ss, Ss, Ss, Gs, Gs, Rb^Gvs, Gs^Dr, Re^Edb, Gs^Edb, Ss, Ss, Ss, Ss, Ss, Gs, Gs, Re, Gs, Gs^Efm, Gg^Efm, Gg, Gg, Gg, Gg, Gs, Gs^Fms, Gs, Gs^Fms, Gg, Gs^Fms
Wo, Wo, Ww, Ww, Ww, Ds, Gg, Gs, Ss, Ss, Ss, Ss, Ss, Gs, Ww, Re^Edb, Ww, Ww, Ww, Ss, Gs, Gs, Gs, Gs, Gs, Gs, Gs, Gg^Efm, Gs^Efm, Gg, Gs^Es, Gs, Gs, Gs, Gs, Gs, Gg^Efm, Gg^Efm
Wo, Wo, Wo, Ww, Ww, Gg^Efm, Gs^Efm, Gs, Ss, Ss, Ss, Ss, Ww, Ww, Ww, Ww^Edt, Ww, Wo, Wo, Ww, Gs^Edb, Gs, Re^Edb, Re, Gs, Gs, Gs^Fms, Gg, Re^Vct, Gs, Gs, Gs, Gs^Fms, Gg, Gs^Fms, Gs, Gs^Efm, Gg^Efm
Wo, Wo, Wo, Ww, Ww, Gg^Efm, Gg, Gs, Gs, Ss, Ww, Ww, Wo, Wo, Ww, Ww^Bw|r, Gs, Ww, Ww, Ww, Ww^Bw/, Re^Edb, Gs^Edb, Gs, Ss, Gs^Fms, Gs^Fms, Gg, Cer, Cer, Ket, Gs, Gg^Fms, Gll^Fmw, Gg^Fms, Gs^Fms, Gs^Fms, Gs^Fms
Wo, Wo, Wo, Ww, Ww, Ww^Ewl, Gg, Gs, Gg, Ww^Es, Wo, Wo, Ww, Ww, Ce^Dr, Re, Ce^Es, Ww, Ww^Bw/, Ww^Bw/, Ww, Ww, Ww, Ss, Ss, Gs^Fms, Gs^Fp, Gg, Gg, Cer, Re^Vct, Gg, Ss, Gg^Fms, Gg^Fms, Gs^Fms, Gs^Fms, Gs^Fms
Wo, Wo, Wo, Ww, Ww, Ww, Gg, Gg^Vh, Ww, Ww, Ww, Ww, Ds, Gs, Gg, Re, Re, Rr^Edb, Ce, Ww, Ww, Wo, Wo, Ww, Ww, Ww, Ww, Ww^Es, Ww, Gg, Ww, Ss, Ss, Gg^Em, Gg, Gs^Fms, Gs^Fms, Gs^Fms
Wo, Wo, Wo, Ww, Ww, Ww, Ww, Ww, Wo, Wo, Ww, Ww^Ewl, Ds, Gg, Gs^Vh, Rr, Gs^Fds, Gs^Fds, Gs^Fds, Gg^Em, Ds, Ww, Ww, Wo, Wo, Ww, Ww, Ww, Ww, Ww, Ww, Ww, Ww, Ww^Es, Ww, Gg, Ww, Gg
Wo, Wo, Wo, Wo, Wo, Ww, Ww, Ww, Ww, Ww, Ww^Bw\, Ds, Rr, Rr, Re, Re, Gs, Gs^Fds, Gs^Fds, Gs^Fds, Gs^Fds, Ds, Gs^Fds, Ww, Ww, Wo, Wo, Ww, Wo, Ww, Wo, Ww, Wo, Ww, Ww, Ww^Es, Ww, Ww
Wo, Wo, Wo, Wo, Ww, Ww, Ww^Bw\, Ww, Gg, Ww, Ww, Ds, Gs^Fds, Gs^Vh, Gs^Edt, Re, Rr, Gs^Fds, Gs^Em, Gs^Fds, Gs^Fds, Gs^Fds, Gs^Fds, Ww, Ww, Wo, Wo, Wo, Wo, Wo, Wo, Wo, Wo, Wo, Wo, Wo, Wo, Ww
Wo, Wo, Wo, Wo, Ww, Ww, Ds^Edb, Ds, Gg, Gg, Ww, Ww, Ch, Gs^Fds, Re, Rr, Ch, Re, Re, Gs, Gg^Efm, Gg^Vh, Ds, Ww, Wo, Wo, Wo, Wo, Ww, Wo, Wo, Wo, Wo, Wo, Wo, Wo, Wo, Wo
Wo, Wo, Wo, Ww, Ww, Ww^Edb, Ds^Edb, Re, Re, Gg^Vh, Gg, Ww, Rr, Re, Rr, Ch, 2 Kh, Ce^Edt, Re, Gs^Dr, Gs, Ds, Ww, Ww, Ww, Ww, Ww, Ww, Ww, Ww, Ww, Ww, Ww, Wo, Ww, Wo, Wo, Wo
Wo, Wo, Wo, Ww^Edb, Ww, Ww, Ds^Edb, Gg, Re, Re, Re, Ww^Bw/, Ce, Gs, Rr, Ch, Ce^Edt, Ce^Edt, Rr, Rr^Vhc, Gs, Ds, Ww, Wo, Ww, Ww, Ww^Es, Ww, Ss, Ww, Ss, Ww, Ww, Ww, Ww, Ww, Ww, Wo
Wo, Wo, Wo, Ww, Ww, Ww^Edb, Ds, Re, Gg, Gg, Gg^Efm, Ww, Gs^Fds, Gs, Rr^Vhc, Rr, Re, Rr, Gs^Fds, Gs^Fds, Ce, Ww, Wo, Ww^Es, Gg, Gg, Gg, Ss, Ss, Ss, Ss, Ss, Ss, Ww^Es, Ww^Es, Ww, Ww, Ww
Wo, Wo, Wo, Ww, Ww, Ww^Bw/, Ww, Ds, Ds, Gg^Efm, Ww, Ww, Gs^Fds, Gs^Fds, Gs^Es, Gs, Gs, Re, Re, Gs^Fds, Rr^Edb, Ww, Ww, Ww, Gg, Gg, Gg, Gg, Gg, Gg, Gll^Fmw, Ss, Ss, Gg, Gg, Ww, Gg, Ww
Wo, Wo, Wo, Wo, Ww, Ww, Ww, Ww, Ww^Ewl, Gg, Ww^Ewl, Ww, Ww, Gs^Fds, Gs^Fds, Gs^Vh, Re, Rr, Rr^Vh, Rr, Ce^Edt, Ww^Bw\, Ww^Bw\, Gg^Edb, Gg, Gg, Gs, Gs, Gs^Fds, Gll^Fmw, Gs^Fds, Gs^Fds, Gg, Gg, Gg^Efm, Gg^Efm, Gg, Gg
Wo, Wo, Wo, Wo, Wo, Ww, Ww, Ww, Ww, Ww^Ewl, Ww, Wo, Ww^Bw/, Ds, Rr, Rr, Gg^Edt, Rr, Gg, Gg, Ds, Ww, Ww, Re, Re, Gg, Gs, Gg, Gs^Fds, Gs^Fds, Gll^Fmw, Gs^Fds, Cer, Gs, Re^Vct, Gs^Efm, Gs^Fds, Gs^Fds
Wo, Wo, Wo, Wo, Ww, Ww, Gg, Ww, Ww, Ww, Wo, Ww, Ww, Ds, Ds, Gg, Ce, Rr, Ce, Ds, Ww^Ewl, Ww, Ww, Gg^Dr, Re, Gg, Gg, Gg, Gs^Em, Gs^Fds, Re^Vct, Cer, Ket, Cer, Gs, Gs^Em, Gs^Fds, Gs^Fds
Wo, Wo, Wo, Ww, Ww, Ww, Gg, Gg, Gg, Ww, Wo, Ww, Ww, Ww^Bw/, Ww, Gg, Ww, Ww^Bw|, Ww, Ww^Ewl, Ww, Ww, Gg, Gg, Gg, Gg, Gg^Efm, Gg, Gs, Gs, Gs, Cer, Cer, Cer, Gs, Gs, Gs^Fds, Gs^Fds
Wo, Wo, Ww, Ww, Gs, Gg^Em, Gs^Fds, Gs, Gg, Ww, Ww, Ww, Ww, Ww, Ww, Ww, Ww, Ww^Bw|, Ww, Ww, Gg^Gvs, Gg, Gg, Gg, Re, Gg^Efm, Gg, Re, Re, Gs, Re, Re, Gs, Re^Vct, Gs, Gs^Fds, Gs^Em, Gs^Fds
Wo, Wo, Ww, Ww, Gs, Gll^Fmw, Gs^Fms, Gg, Gs, Gs, Gs, Gg, Gg, Ww^Es, Gg^Efm, Ww, Gg^Edb, Re, Gg^Edb, Gg^Gvs, Re^Gvs, Re^Gvs, Gg^Gvs, Gg, Re, Gg, Gg^Efm, Gg, Gg^Es, Gs, Gg, Gs, Gs, Gs, Re, Gs, Gs, Gg
Wo, Wo, Ww, Ww, Gs, Gs^Fds, Gs^Fds, Gg, Re^Gvs, Gs, Gg^Gvs, Gs^Gvs, Re^Gvs, Gg^Efm, Gg^Efm, Gg, Gg, Re, Gg, Re^Gvs, Gg^Gvs, Gg^Gvs, Gs, Re, Gg, Gg, Gg, Gg, Gs^Fds, Gg, Gs^Fds, Gg, Gs, Gs, Re, Gs^Es, Gs, Gg
Wo, Wo, Wo, Ww, Gg, Gg, Gg^Efm, Gg, Gg, Gg, Re^Gvs, Re^Gvs, Re^Gvs, Re^Gvs, Gg, Gg^Efm, Gg, Gg, Re, Gg, Gs^Es, Gs, Gs, Gg, Gg^Em, Gs^Fms, Gll^Fmw, Gg^Em, Gs^Fds, Gs^Fds, Gs^Fds, Gg, Gg, Gs, Gs, Re, Gs, Gg
Wo, Wo, Wo, Ww, Ww, Gg, Gg, Gg, Gs^Fds, Gs^Fds, Gs^Fms, Re^Gvs, Gg, Gg^Es, Gs^Fds, Gg, Gs^Fds, Gs^Fds, Re, Gg, Gg, Gs, Re^Gvs, Re^Gvs, Gs^Fds, Gs^Fds, Gs^Fds, Gs^Fds, Gs^Fds, Gs^Fds, Gs^Fds, Gg, Re, Gs, Gs, Gs^Fds, Gs^Fds, Gs
Wo, Wo, Ww, Ww, Ww, Ds, Gg, Gs^Fms, Gs^Fds, Gs^Fds, Gs^Fms, Gg, Gs^Fds, Gs^Fds, Gs^Fds, Gs^Fds, Gs^Fds, Gs^Fds, Re, Gs^Fds, Gs^Fds, Gg, Re^Gvs, Re^Gvs, Gg^Gvs, Gs^Fds, Gs^Fms, Gs^Fds, Gs^Fds, Gs^Fds, Gg^Em, Gg, Re, Gs, Gs^Fds, Gs^Fds, Gs^Fds, Gs
Wo, Wo, Ww, Ww, Ds, Ds, Gs, Gs^Em, Gs^Fds, Gs^Fms, Gs^Fds, Gs^Fms, Gs^Fms, Gs^Fds, Gs^Fds, Gs^Fds, Re, Gg, Gg, Gs^Fds, Gs^Fds, Gs^Fds, Gg^Gvs, Gg^Gvs, Re^Gvs, Gg^Gvs, Gg^Gvs, Gs^Fds, Gs^Fds, Gg, Gs, Re, Gs, Gs, Gs, Gs^Fds, Gs^Fds, Gs^Fds
Wo, Wo, Ww, Ww, Ds, Rd, Gg, Gs^Fds, Gg, Gll^Fmw, Gg, Gg^Em, Gg, Gg, Gg, Re, Gg, Gg, Gs, Gg^Em, Gg, Gg^Gvs, Gg^Gvs, Re^Gvs, Re^Gvs, Gg^Gvs, Gg, Gg, Gg, Gg, Gs, Gs, Gs^Efm, Gg^Efm, Gs^Fds, Gs^Fds, Gs^Fds, Gs^Fds
Wo, Wo, Ww, Ww, Ds, Rd, Gg, Gg, Gg, Gg, Gg, Gg, Gg, Gg, Gg, Re, Gg, Gs, Gs, Gs, Gg, Gg, Gg, Gg, Gg, Gg, Gg, Gg, Gg, Gs, Gs, Gs, Gg, Gg^Efm, Gg, Gg, Gs, Gs^Fds
