Gg, Gg, Mm, Gg, Mm, Mm, Mm, Mm, Mm, _off^_usr, _off^_usr, Xu, Xu, Xu, Xu, Xu, Xu, Xu, Wwg, Wog, Wwg, Xu, Xu, Xu, Xu, Xu, Xu, Xu, Xu, Xu, Xu, Xu, Xu, Xu, Xu, Xu, Xu, Xu, Xu, Xu, Xu, Xu, Xu, Xu, Xue, Xue, Xue, Xu, Xue, Xu, Xue, Xu, Xu, Xu
Mm, Mm^Xm, Mm, Hh, Hh, Hh, Hh, Mm, Mm^Xm, _off^_usr, _off^_usr, _off^_usr, Xu, Xu, Xu, Xu, Xu, Xu, Wwg, Wog, Wog, Xue, Xue, Xu, Xu, Xu, Xu, Xue, Xue, Xu, Xu, Xu, Xu, Xu, Uu^Qhh, Xu, Uue^Qhh, Xue, Xue, Xu, Xue, Xu, Xue, Xue, Xue, Xue, Xu, Xu, Xu, Xue, Xue, Xue, Xue, Xu
Gg, Mm, Mm, Hh, Mm^Xm, Hh, Mm, Hh, Mm, _off^_usr, _off^_usr, _off^_usr, Xu, Xu, Xu, Xu, Xu, Xu, Xu, Wwg, Wwg, Wwg, Wwg, Xu, Ur, Uu^Em, Ur^Em, Xue, Xue, Xue, Xue, Xue, Uu, Uh^Qhh, Xu, Uue^Qhh, Uu^Qhh, Uue^Qhh, Uu^Qhh, Uue, Uue^Vu, Xue, Xue, Xue, Xu, Xu, Ur^Es, Uu^Es, Ur^Es, Xu, Xu, Xue, Xue, Xu
_off^_usr, Mm^Xm, _off^_usr, Mm, _off^_usr, Mm, _off^_usr, Mm, _off^_usr, _off^_usr, Xue, Xue, Uue^Tf, Xu, Uue^Qhh, Xu, Xu, Xu, Xu, Xu, Xu, Wog, Wog^Bs/, Wwg^Bs/, Ur, Ur, Tb, Ur^Em, Uu^Qhh, Uue, Uue, Uu^Em, Xu, Uue, Uh, Xue, Xu, Xue, Xue, Uh, Uue, Xue, Xu, Xu, Tb, Uu^Es, Uu^Vu, Ur, Ur, Uh, Uu^Es, Xu, Xue, Xu
Xu, _off^_usr, Xu, _off^_usr, _off^_usr, _off^_usr, Xue, _off^_usr, _off^_usr, Xue, Xue, Uhe, Uue^Tf, Uu^Tf, Ur, Uh^Qhh, Uue, Xu, Cte, Kte^Qhh, Cte, Uh^Qhh, Wwg^Bs/, Wwg^Bs/, Wwg, Xu, Xu, Uh, Ur, Ur^Es, Uhe, Uu, Uu, Uu^Em, Uu, Xue, Uhe, Uhe, Tb, Xu, Uu^Edb, Xu, Uu^Em, Uu^Es, Xuc, Ur^Em, Tb, Xu, Xu, Ur^Es, Ur^Em, Xu, Xu, Xu
Xu, Xu, Xue, Xue, Xue, Xue, Uue^Qhh, Xu, Xu, Xu, Ur^Es, Uue^Es, Uu^Es, Ur^Tf, Ur, Ur^Es, Ur^Em, Uh^Es, Uu^Es, Cte, Uu^Es, Ur^Qhh, Xu, Wwg, Wwg, Wog, Wog, Xu, Xue, Uue, Uu^Es, Ur, Ur^Es, Xuc, Uu^Edt, Uu^Tf, Uu^Edb, Uu^Es, Uu, Uu^Vu, Xuc, Uu, Uu^Emf, Uu^Tf, Ur^Es, Ur, Uu, Xu, Xu, Uu^Es, Uh^Qhh, Uu^Vu, Xu, Xu
Xu, Xu, Xue, Xu, Uu^Tf, Uue^Tf, Uue, Uu^Qhh, Ur, Uu^Em, Uh^Qhh, Uh^Qhh, Xu, Xu, Xu, Uh, Uh, Ur, Ur, Ur, Uh, Uu^Em, Xu, Xu, Xu, Wwg, Wog, Wwg, Xue, Xu, Xu, Ur, Uu^Vu, Ur, Uu^Es, Cte, Xuc, Uu^Em, Uu^Qhu, Uu^Em, Uu^Tf, Uh, Uu, Ur, Uu, Uu^Vu, Uu^Tf, Uh, Uu^Tf, Xu, Ur, Uu, Xu, Xu
Xu, Xue, Xue, Uh^Qhh, Uh, Uue^Tf, Uue, Ur, Uh, Uu^Emf, Xu, Xu, Xue, Xu, Xue, Xu, Uhe^Qhh, Tb, Uu^Vu, Uh, Uu^Tf, Uu, Xu, Xu, Xu, Xu, Wwg, Wog, Wwg, Xue, Xue, Xue, Xu, Ur, Ur^Emf, Ur, Uu^Es, Uh, Tb, Uu^Edt, Uu, Uu^Vu, Uu^Qhu, Xuc, Cte, Uu, Tb, Uu^Qhu, Xu, Xu, Xu, Ur, Qlf, Qlf
Xu, Xu, Xu, Uu^Vu, Uue, Uue, Uu^Qhh, Uu^Em, Uu^Tf, Uu^Tf, Xue, Xue, Uue, Xue, Uue^Qhh, Uu^Qhh, Ur, Ur^Es, Uu, Uu^Tf, Uu, Uu^Es, Uu^Vu, Xu, Cte, Cte, Cte, Wog, Wog, Xue, Xue, Xu, Xu, Uh, Uu, Ur^Es, Ur^Em, Uu^Es, Cte, Xuc, Ur^Em, Uu^Qhu, Ur^Edb, Uu^Qhu, Ur^Em, Xu, Xu, Xu, Qlf, Xu, Qlf, Qlf^Bs|, Ur, Ur
Xu, Xu, Xu, Uu^Tf, Uu^Tf, Uhe, Tb, Ur^Es, Uu^Tf, Uu^Tf, Xu, Uh, Uue^Tf, Uue, Uh, Ur^Es, Uu, Uh, Xu, Xu, Xue, Uh, Tb, Uu, Cte, Kte, Cte, Wwg, Wwg, Wog, Wog, Xu, Xu, Xu, Xu, Uu^Edb, Ur^Edt, Uu^Tf, Ur^Qhu, Ur^Edb, Ur^Edt, Uu, Uu, Ur^Es, Ur, Uu^Tf, Qlf, Qlf, Uh^Qhh, Qlf, Ur, Ur^Es, Xu, Xu
Xu, Xu, Xu, Uu^Tf, Uu^Tf, Uue, Uu^Em, Ur, Uu^Qhh, Xue, Xu, Uu^Tf, Uu^Tf, Uu^Tf, Ur, Uu, Xu, Xu, Xue, Xue, Xue, Xue, Xu, Uu, Uu, Cte, Uu^Qhu, Xu, Xu, Wwg, Wog, Wwg, Wwg, Xu, Ur^Qhh, Tb, Uh^Qhu, Ur^Qhu, Uu^Qhu, Uu^Vu, Uh^Emf, Xu, Xu, Uu^Qhh, Qlf, Qlf^Bs\, Ur, Ur^Es, Ur^Es, Ur, Uu, Ur, Ur, Xu
Xu, Xu, Xu, Xu, Xu, Uu, Uu^Vu, Uue, Uhe, Xue, Xue, Xu, Xu, Tb, Uh, Ur^Em, Uh^Qhh, Xu, Uue, Uhe, Uue^Tf, Xue, Xu, Uu^Vu, Uu^Qhh, Uu^Em, Uh^Qhh, Uh^Qhh, Uh^Qhh, Xu, Xue, Wwg, Wog, Uh^Qhh, Uu^Qhh, Uu^Edt, Qxu^Qhux, Qxu^Qhux, Qxu^Qhux, Uu^Qhu, Qxu^Qhux, Xu, Xu, Qlf, Qlf, Uh^Qhh, Ur, Uu^Qhh, Xu, Xu, Xu, Uh^Qhh, Uh^Qhh, Ur
Xu, Xu, Xue, Xue, Uue, Rr^Pr\, Xu, Ur^Es, Ur^Es, Uue^Tf, Uue^Tf, Xue, Xu, Xu, Xu, Uu^Vu, Uh^Qhh, Ur, Ur, Uue^Tf, Uue^Tf, Xue, Xu, Xu, Xu, Xue, Xu, Xue, Xu, Xu, Xu, Wwg, Wog, Wog, Wwg, Xue, Xu, Qxu^Qhux, Qxu^Qhux, Qxu^Qhux, Qxu^Qhux, Xu, Xu, Qlf, Qlf, Qlf, Qlf^Bs|, Xu, Xu, Qlf, Qlf, Xu, Xu, Uu
Xu, Xu, Xue, Tb^Tf, Tb^Tf, Uh, Xu, Xu, Xue, Ur^Tf, Uu, Ur^Tf, Ur, Xu, Xu, Xu, Xu, Uu^Em, Xu, Ur^Es, Ur, Uu^Tf, Uu^Qhh, Xu, Xot, Xot, Xot, Xot, Xot, Xot, Xot, Xu, Wwg, Wog, Wog, Xue, Xue, Qxu^Qhux, Qxu^Qhux, Qxu^Qhux, Xu, Xu, Xu, Xu, Qlf, Qlf, Ql^Bs|, Qlf, Qlf, Qlf, Qlf, Xu, Xu, Xu
Xu, Xu, Ss, Uh, Uu^Vud, Uh, Xu, Xue, Qxe, Xue, Xu, Uh, Uh, Ur, Uu, Xu, Uh, Xu, Uu^Qhh, Uu^Emf, Uu, Tb, Xuc, Xot, Urb^Edb, Urb^Es, Urb^Edb, Urb^Edb, Urb^Es, Urb^Edb, Urb^Es, Xot, Xu, Wwg, Wog, Wwg, Xue, Xu, Xu, Qxu^Qhux, Xu, Xu, Qlf, Qlf, Ql, Ql, Ql^Bs|, Ql, Ql, Qlf, Qlf, Xu, Xu, Xu
Xu, Xu, Sm, Ss, Uu, Uue, Xu, Qxe, Qxu^Bs/, Qxu^Bs/, Xu, Xu, Uh^Qhh, Uu^Es, Uu, Uu, Ur, Ur^Es, Ur, Ur^Es, Ur^Em, Uh, Uu^Dr, Urb^Edb, Urb^Es, Urb^Edb, Urb^Eqf, Urb^Edb, Urb^Edb, Urb^Edb, Urb^Eqf, Xot, Xu, Wwg, Wwg, Wog, Wwg, Xue, Xu, Xu, Xu, Qlf, Qlf, Ql, Qlf, Ql, Urb^Qhh, Ql, Qlf, Qlf, Qlf, Qlf, Xu, Xu
Xu, Xu, Xue, Xu, Rr^Pr|, Xu, Xu, Qxu^Bs/, Qxu, Qxu, Xu, Uu^Qhh, Ur, Ur, Xu, Uu, Xu, Uu^Tf, Uu^Tf, Uue^Tf, Uue^Tf, Uu^Es, Xuc, Urb^Es, Urb^Edb, Urb, Urb^Em, Urb^Edb, Urb^Edb, Urb^Es, Urb, Xot, Xu, Xu, Wwg, Wwg, Wwg, Xu, Xu, Uu^Vud, Xu, Qlf, Qlf, Ql, Ql, Ql, Ql, Ql, Ql, Qlf, Qlf, Qlf, Xu, Xu
Xu, Xu, Xue, Xue, Tb, Xu, Xue, Xue, Xue, Xue, Uu, Uu^Es, Uu^Tf, Xu, Xue, Xu, Xu, Xue, Uue^Tf, Uhe^Qhh, Uue^Qhh, Uh^Qhh, Xue, Xot, Xot, Urb^Edb, Urb^Dr, Urb, Xot, Xot, Xot, Xot, Xu, Xu, Wwg, Wog, Wwg, Xu, Xu, Xu, Xu, Qlf, Qlf, Qlf, Ql, Ql, Ql, Qlf^Qhh, Ql, Qlf, Qlf, Xu, Xu, Xu
Xu, Xue, Xue, Uu^Em, Uue^Em, Uue, Uu^Qhh, Uu^Tf, Uh, Uu^Es, Uu^Edt, Uu^Em, Xue, Xue, Xu, Xu, Xu, Xue, Xue, Xue, Xu, Xue, Xu, Xu, Xu, Xu, Xu, Xu, Xu, Uu^Qhh, Sm, Uu^Qhh, Xue, Xue, Wwg, Wwg, Wwg, Xu, Xu, Xu, Xu, Xu, Qlf, Qlf, Ql, Ql, Qlf, Ql, Qlf, Ql, Qlf, Xu, Xu, Xu
Xu, Xu, Xue, Uu, Uhe, Uhe, Xu, Uu^Es, Xu, Uu^Es, Uu^Em, Uu^Es, Xue, Xu, Xu, Xu, Xu, Xu, Xu, Xu, Xu, Xu, Xu, Xu, Xu, Xu, Xu, Xu, Uu^Vu, Sm, Sm, Sm, Wwf, Xue, Wwg, Wog, Wwg, Xue, Xu, Xu, Xu, Xu, Qlf, Qlf, Qlf, Ql, Ql, Ql, Qlf, Qlf, Xu, Xu, Xu, Xu
Xu, Xu, Xu, Xu, Xu, Xu, Xu, Xu, Xu, Uh^Emf, Uu^Es, Uu^Qhh, Xuc, Xu, Xos, Xu, Xos, Xu, Xos, Xu, Xu, Xu, Xu, Xu, Xu, Xu, Xu, Xu, Uu^Qhh, Sm, Sm, Wwf, Wwf, Wwf, Wwg, Wog, Wwg, Xue, Xu, Xu, Xu, Xu, Xu, Qlf, Xu, Qlf, Qlf, Qlf, Qlf, Qlf, Xu, Xu, Xu, Xu
Xu, Xos, Xos, Xos, Xos, Xos, Xos, Xu, Xos, Xuc, Urb^Dr, Urb^Dr, Urb^Es, Xos, Urb, Xos, Urb^Es, Xos, Urb^Dr, Xuc, Xuc, Xu, Xu, Xu, Xu, Xu, Xu, Uu^Qhh, Uu^Qhh, Xue, Xue, Sm, Xue, Wwf, Wwg, Wog, Wwg, Xu, Xu, Xu, Xu, Xu, Xu, Xu, Xu, Xu, Xu, Xu, Xu, Xu, Xu, Xu, Xu, Xu
Xu, Xu, Xu, Xu, Xu, Xu, Xu, Xos, Urb, Xos, Urb, Urb^Es, Uu, Urb, Urb, Urb, Urb^Es, Urb^Es, Urb^Es, Urb^Dr, Xuc, Xu, Xu, Xu, Xu, Xu, Xu, Uu^Qhh, Uu^Qhh, Xu, Xu, Xue, Xu, Xu, Wwg, Wwg, Wwg, Xu, Xu, Xu, Xu, Xu, Xu, Xu, Xu, Xu, Xu, Xu, Xu, Xu, Xu, Xu, Xu, Xu
